[     546ms] [INFO] %cDownload the React DevTools for a better development experience: https://react.dev/link/react-devtools font-weight:bold @ http://localhost:3000/_next/static/chunks/node_modules_next_dist_1ybzpk2._.js:2477
[     594ms] [LOG] [HMR] connected @ http://localhost:3000/_next/static/chunks/node_modules_next_dist_1ybzpk2._.js:2477
[  196115ms] [LOG] [Fast Refresh] rebuilding @ http://localhost:3000/_next/static/chunks/node_modules_next_dist_1ybzpk2._.js:2477
[  196263ms] [LOG] [Fast Refresh] done in 251ms @ http://localhost:3000/_next/static/chunks/node_modules_next_dist_1ybzpk2._.js:2477
[  525804ms] [ERROR] WebSocket connection to 'ws://localhost:3000/_next/webpack-hmr?id=EHfRfG9-3GvkiVWdzZJov' failed: Error in connection establishment: net::ERR_CONNECTION_REFUSED @ http://localhost:3000/_next/static/chunks/node_modules_next_dist_client_0r5nbpw._.js:13422
[  526810ms] [ERROR] WebSocket connection to 'ws://localhost:3000/_next/webpack-hmr?id=EHfRfG9-3GvkiVWdzZJov' failed: Error in connection establishment: net::ERR_CONNECTION_REFUSED @ http://localhost:3000/_next/static/chunks/node_modules_next_dist_client_0r5nbpw._.js:13422
[  527812ms] [ERROR] WebSocket connection to 'ws://localhost:3000/_next/webpack-hmr?id=EHfRfG9-3GvkiVWdzZJov' failed: Error in connection establishment: net::ERR_CONNECTION_REFUSED @ http://localhost:3000/_next/static/chunks/node_modules_next_dist_client_0r5nbpw._.js:13422
[  528817ms] [ERROR] WebSocket connection to 'ws://localhost:3000/_next/webpack-hmr?id=EHfRfG9-3GvkiVWdzZJov' failed: Error in connection establishment: net::ERR_CONNECTION_REFUSED @ http://localhost:3000/_next/static/chunks/node_modules_next_dist_client_0r5nbpw._.js:13422
[  529821ms] [ERROR] WebSocket connection to 'ws://localhost:3000/_next/webpack-hmr?id=EHfRfG9-3GvkiVWdzZJov' failed: Error in connection establishment: net::ERR_CONNECTION_REFUSED @ http://localhost:3000/_next/static/chunks/node_modules_next_dist_client_0r5nbpw._.js:13422
[  534832ms] [ERROR] WebSocket connection to 'ws://localhost:3000/_next/webpack-hmr?id=EHfRfG9-3GvkiVWdzZJov' failed: Error in connection establishment: net::ERR_CONNECTION_REFUSED @ http://localhost:3000/_next/static/chunks/node_modules_next_dist_client_0r5nbpw._.js:13422
[  539846ms] [ERROR] WebSocket connection to 'ws://localhost:3000/_next/webpack-hmr?id=EHfRfG9-3GvkiVWdzZJov' failed: Error in connection establishment: net::ERR_CONNECTION_REFUSED @ http://localhost:3000/_next/static/chunks/node_modules_next_dist_client_0r5nbpw._.js:13422
[  544868ms] [ERROR] WebSocket connection to 'ws://localhost:3000/_next/webpack-hmr?id=EHfRfG9-3GvkiVWdzZJov' failed: Error in connection establishment: net::ERR_CONNECTION_REFUSED @ http://localhost:3000/_next/static/chunks/node_modules_next_dist_client_0r5nbpw._.js:13422
[  549914ms] [ERROR] WebSocket connection to 'ws://localhost:3000/_next/webpack-hmr?id=EHfRfG9-3GvkiVWdzZJov' failed: Error in connection establishment: net::ERR_CONNECTION_REFUSED @ http://localhost:3000/_next/static/chunks/node_modules_next_dist_client_0r5nbpw._.js:13422
[  554962ms] [ERROR] WebSocket connection to 'ws://localhost:3000/_next/webpack-hmr?id=EHfRfG9-3GvkiVWdzZJov' failed: Error in connection establishment: net::ERR_CONNECTION_REFUSED @ http://localhost:3000/_next/static/chunks/node_modules_next_dist_client_0r5nbpw._.js:13422
[  560071ms] [ERROR] WebSocket connection to 'ws://localhost:3000/_next/webpack-hmr?id=EHfRfG9-3GvkiVWdzZJov' failed: Error in connection establishment: net::ERR_CONNECTION_REFUSED @ http://localhost:3000/_next/static/chunks/node_modules_next_dist_client_0r5nbpw._.js:13422
[  565163ms] [ERROR] WebSocket connection to 'ws://localhost:3000/_next/webpack-hmr?id=EHfRfG9-3GvkiVWdzZJov' failed: Error in connection establishment: net::ERR_CONNECTION_REFUSED @ http://localhost:3000/_next/static/chunks/node_modules_next_dist_client_0r5nbpw._.js:13422
[ 1563294ms] [INFO] %cDownload the React DevTools for a better development experience: https://react.dev/link/react-devtools font-weight:bold @ http://localhost:3000/_next/static/chunks/node_modules_next_dist_1ybzpk2._.js:2477
[ 1563333ms] [LOG] [HMR] connected @ http://localhost:3000/_next/static/chunks/node_modules_next_dist_1ybzpk2._.js:2477
[ 1563474ms] [LOG] [Fast Refresh] rebuilding @ http://localhost:3000/_next/static/chunks/node_modules_next_dist_1ybzpk2._.js:2477
[ 1563488ms] [LOG] [Fast Refresh] done in 114ms @ http://localhost:3000/_next/static/chunks/node_modules_next_dist_1ybzpk2._.js:2477
[ 2552992ms] [LOG] [HMR] connected @ http://localhost:3000/_next/static/chunks/node_modules_next_dist_1ybzpk2._.js:2477
