{"type":"server-started","port":57531,"host":"127.0.0.1","url_host":"localhost","url":"http://localhost:57531","screen_dir":"/Users/I752155/Library/CloudStorage/OneDrive-SAPSE/Work/HolyExperiments/HHE/Projects/Wingspan/.superpowers/brainstorm/62819-1781572238/content","state_dir":"/Users/I752155/Library/CloudStorage/OneDrive-SAPSE/Work/HolyExperiments/HHE/Projects/Wingspan/.superpowers/brainstorm/62819-1781572238/state"}
{"type":"screen-added","file":"/Users/I752155/Library/CloudStorage/OneDrive-SAPSE/Work/HolyExperiments/HHE/Projects/Wingspan/.superpowers/brainstorm/62819-1781572238/content/visual-direction.html"}
{"type":"screen-updated","file":"/Users/I752155/Library/CloudStorage/OneDrive-SAPSE/Work/HolyExperiments/HHE/Projects/Wingspan/.superpowers/brainstorm/62819-1781572238/content/visual-direction.html"}
{"type":"screen-added","file":"/Users/I752155/Library/CloudStorage/OneDrive-SAPSE/Work/HolyExperiments/HHE/Projects/Wingspan/.superpowers/brainstorm/62819-1781572238/content/visual-refined.html"}
{"type":"screen-updated","file":"/Users/I752155/Library/CloudStorage/OneDrive-SAPSE/Work/HolyExperiments/HHE/Projects/Wingspan/.superpowers/brainstorm/62819-1781572238/content/visual-refined.html"}
{"type":"screen-updated","file":"/Users/I752155/Library/CloudStorage/OneDrive-SAPSE/Work/HolyExperiments/HHE/Projects/Wingspan/.superpowers/brainstorm/62819-1781572238/content/visual-refined.html"}
{"type":"screen-updated","file":"/Users/I752155/Library/CloudStorage/OneDrive-SAPSE/Work/HolyExperiments/HHE/Projects/Wingspan/.superpowers/brainstorm/62819-1781572238/content/visual-refined.html"}
{"type":"screen-added","file":"/Users/I752155/Library/CloudStorage/OneDrive-SAPSE/Work/HolyExperiments/HHE/Projects/Wingspan/.superpowers/brainstorm/62819-1781572238/content/visual-v2.html"}
{"type":"screen-updated","file":"/Users/I752155/Library/CloudStorage/OneDrive-SAPSE/Work/HolyExperiments/HHE/Projects/Wingspan/.superpowers/brainstorm/62819-1781572238/content/visual-v2.html"}
{"type":"screen-updated","file":"/Users/I752155/Library/CloudStorage/OneDrive-SAPSE/Work/HolyExperiments/HHE/Projects/Wingspan/.superpowers/brainstorm/62819-1781572238/content/visual-v2.html"}
{"type":"screen-updated","file":"/Users/I752155/Library/CloudStorage/OneDrive-SAPSE/Work/HolyExperiments/HHE/Projects/Wingspan/.superpowers/brainstorm/62819-1781572238/content/visual-v2.html"}
{"type":"screen-added","file":"/Users/I752155/Library/CloudStorage/OneDrive-SAPSE/Work/HolyExperiments/HHE/Projects/Wingspan/.superpowers/brainstorm/62819-1781572238/content/visual-neon.html"}
{"type":"screen-updated","file":"/Users/I752155/Library/CloudStorage/OneDrive-SAPSE/Work/HolyExperiments/HHE/Projects/Wingspan/.superpowers/brainstorm/62819-1781572238/content/visual-neon.html"}
{"type":"screen-added","file":"/Users/I752155/Library/CloudStorage/OneDrive-SAPSE/Work/HolyExperiments/HHE/Projects/Wingspan/.superpowers/brainstorm/62819-1781572238/content/waiting-1.html"}
{"type":"screen-updated","file":"/Users/I752155/Library/CloudStorage/OneDrive-SAPSE/Work/HolyExperiments/HHE/Projects/Wingspan/.superpowers/brainstorm/62819-1781572238/content/waiting-1.html"}
{"type":"screen-updated","file":"/Users/I752155/Library/CloudStorage/OneDrive-SAPSE/Work/HolyExperiments/HHE/Projects/Wingspan/.superpowers/brainstorm/62819-1781572238/content/waiting-1.html"}
{"type":"screen-updated","file":"/Users/I752155/Library/CloudStorage/OneDrive-SAPSE/Work/HolyExperiments/HHE/Projects/Wingspan/.superpowers/brainstorm/62819-1781572238/content/waiting-1.html"}
{"type":"screen-added","file":"/Users/I752155/Library/CloudStorage/OneDrive-SAPSE/Work/HolyExperiments/HHE/Projects/Wingspan/.superpowers/brainstorm/62819-1781572238/content/screens.html"}
{"type":"screen-updated","file":"/Users/I752155/Library/CloudStorage/OneDrive-SAPSE/Work/HolyExperiments/HHE/Projects/Wingspan/.superpowers/brainstorm/62819-1781572238/content/screens.html"}
{"type":"screen-updated","file":"/Users/I752155/Library/CloudStorage/OneDrive-SAPSE/Work/HolyExperiments/HHE/Projects/Wingspan/.superpowers/brainstorm/62819-1781572238/content/screens.html"}
{"type":"screen-updated","file":"/Users/I752155/Library/CloudStorage/OneDrive-SAPSE/Work/HolyExperiments/HHE/Projects/Wingspan/.superpowers/brainstorm/62819-1781572238/content/screens.html"}
{"type":"screen-added","file":"/Users/I752155/Library/CloudStorage/OneDrive-SAPSE/Work/HolyExperiments/HHE/Projects/Wingspan/.superpowers/brainstorm/62819-1781572238/content/screens-v2.html"}
{"type":"screen-updated","file":"/Users/I752155/Library/CloudStorage/OneDrive-SAPSE/Work/HolyExperiments/HHE/Projects/Wingspan/.superpowers/brainstorm/62819-1781572238/content/screens-v2.html"}
{"type":"screen-updated","file":"/Users/I752155/Library/CloudStorage/OneDrive-SAPSE/Work/HolyExperiments/HHE/Projects/Wingspan/.superpowers/brainstorm/62819-1781572238/content/screens-v2.html"}
{"type":"screen-updated","file":"/Users/I752155/Library/CloudStorage/OneDrive-SAPSE/Work/HolyExperiments/HHE/Projects/Wingspan/.superpowers/brainstorm/62819-1781572238/content/screens-v2.html"}
{"type":"screen-added","file":"/Users/I752155/Library/CloudStorage/OneDrive-SAPSE/Work/HolyExperiments/HHE/Projects/Wingspan/.superpowers/brainstorm/62819-1781572238/content/screens-v3.html"}
{"type":"screen-updated","file":"/Users/I752155/Library/CloudStorage/OneDrive-SAPSE/Work/HolyExperiments/HHE/Projects/Wingspan/.superpowers/brainstorm/62819-1781572238/content/screens-v3.html"}
{"type":"screen-updated","file":"/Users/I752155/Library/CloudStorage/OneDrive-SAPSE/Work/HolyExperiments/HHE/Projects/Wingspan/.superpowers/brainstorm/62819-1781572238/content/screens-v3.html"}
{"type":"screen-updated","file":"/Users/I752155/Library/CloudStorage/OneDrive-SAPSE/Work/HolyExperiments/HHE/Projects/Wingspan/.superpowers/brainstorm/62819-1781572238/content/screens-v3.html"}
{"type":"screen-added","file":"/Users/I752155/Library/CloudStorage/OneDrive-SAPSE/Work/HolyExperiments/HHE/Projects/Wingspan/.superpowers/brainstorm/62819-1781572238/content/screens-v4.html"}
{"type":"screen-updated","file":"/Users/I752155/Library/CloudStorage/OneDrive-SAPSE/Work/HolyExperiments/HHE/Projects/Wingspan/.superpowers/brainstorm/62819-1781572238/content/screens-v4.html"}
{"type":"screen-updated","file":"/Users/I752155/Library/CloudStorage/OneDrive-SAPSE/Work/HolyExperiments/HHE/Projects/Wingspan/.superpowers/brainstorm/62819-1781572238/content/screens-v4.html"}
{"type":"server-stopped","reason":"idle timeout"}
